---
source: crates/biome_js_analyze/tests/spec_tests.rs
expression: invalid.js
---
# Input
```js
// PaymentRequest was added in Chrome 60, not available in Chrome 50
{ const PaymentRequest = {}; }

// AbortController was added in Chrome 66, not available in Chrome 50
{ let AbortController = null; }

// IntersectionObserver was added in Chrome 51, not available in Chrome 50
{ var IntersectionObserver = function() {}; }

```

# Diagnostics
```
invalid.js:2:9 lint/nursery/noAbcd ━━━━━━━━━━━━━━━━━━━━━━━━━━━━━━━━━━━━━━━━━━━━━━━━━━━━━━━━━━━━━━━━━

  i The PaymentRequest API is not available in: chrome 50.
  
    1 │ // PaymentRequest was added in Chrome 60, not available in Chrome 50
  > 2 │ { const PaymentRequest = {}; }
      │         ^^^^^^^^^^^^^^
    3 │ 
    4 │ // AbortController was added in Chrome 66, not available in Chrome 50
  
  i This API was added after the target browser version(s) you specified.
  
  i This rule belongs to the nursery group, which means it is not yet stable and may change in the future. Visit https://biomejs.dev/linter/#nursery for more information.
  

```

```
invalid.js:5:7 lint/nursery/noAbcd ━━━━━━━━━━━━━━━━━━━━━━━━━━━━━━━━━━━━━━━━━━━━━━━━━━━━━━━━━━━━━━━━━

  i The AbortController API is not available in: chrome 50.
  
    4 │ // AbortController was added in Chrome 66, not available in Chrome 50
  > 5 │ { let AbortController = null; }
      │       ^^^^^^^^^^^^^^^
    6 │ 
    7 │ // IntersectionObserver was added in Chrome 51, not available in Chrome 50
  
  i This API was added after the target browser version(s) you specified.
  
  i This rule belongs to the nursery group, which means it is not yet stable and may change in the future. Visit https://biomejs.dev/linter/#nursery for more information.
  

```

```
invalid.js:8:7 lint/nursery/noAbcd ━━━━━━━━━━━━━━━━━━━━━━━━━━━━━━━━━━━━━━━━━━━━━━━━━━━━━━━━━━━━━━━━━

  i The IntersectionObserver API is not available in: chrome 50.
  
    7 │ // IntersectionObserver was added in Chrome 51, not available in Chrome 50
  > 8 │ { var IntersectionObserver = function() {}; }
      │       ^^^^^^^^^^^^^^^^^^^^
    9 │ 
  
  i This API was added after the target browser version(s) you specified.
  
  i This rule belongs to the nursery group, which means it is not yet stable and may change in the future. Visit https://biomejs.dev/linter/#nursery for more information.
  

```
